[www.imperorp.com/index.html]
[backblue.gif]
[fade.gif]
[index.html]
[www.imperorp.com/wp-content/28fead20fba553da3227b8006a28df5fd5f0.js]
[www.imperorp.com/wp-content/769e1771605bd4a033cf5bc7928663d78a36.js]
[www.imperorp.com/wp-content/plugins/real-cookie-banner/public/lib/animate.css/animate.min0235.css]
[www.imperorp.com/wp-includes/css/dist/block-library/style.min6a4d.css]
[www.imperorp.com/feed/index.html]
[www.imperorp.com/comments/feed/index.html]
[www.imperorp.com/wp-content/plugins/elementor/assets/lib/eicons/css/elementor-icons.min3b94.css]
[www.imperorp.com/wp-content/plugins/elementor/assets/css/frontend-lite.min991d.css]
[www.imperorp.com/wp-content/plugins/elementor/assets/lib/swiper/css/swiper.min48f5.css]
[www.imperorp.com/wp-content/uploads/elementor/css/post-12104ac5b.css]
[www.imperorp.com/wp-content/uploads/elementor/css/globald6c7.css]
[www.imperorp.com/wp-content/uploads/elementor/css/post-121050118.css]
[www.imperorp.com/wp-content/themes/rife-free/js/light-gallery/css/lightgallery.min8162.css]
[www.imperorp.com/wp-content/plugins/elementor/assets/lib/font-awesome/css/font-awesome.min1849.css]
[www.imperorp.com/wp-content/themes/rife-free/css/icomoon164b.css]
[www.imperorp.com/wp-content/themes/rife-free/style164b.css]
[www.imperorp.com/wp-content/uploads/apollo13_framework_files/css/user8d4d.css]
[www.imperorp.com/wp-content/plugins/elementor/assets/lib/font-awesome/css/all.min991d.css]
[www.imperorp.com/wp-content/plugins/elementor/assets/lib/font-awesome/css/v4-shims.min991d.css]
[www.imperorp.com/wp-content/plugins/elementor/assets/lib/font-awesome/css/fontawesome.min52d5.css]
[www.imperorp.com/wp-content/plugins/elementor/assets/lib/font-awesome/css/brands.min52d5.css]
[www.imperorp.com/wp-content/plugins/elementor/assets/lib/font-awesome/css/solid.min52d5.css]
[www.imperorp.com/wp-includes/js/jquery/jquery.mina7a0.js]
[www.imperorp.com/wp-includes/js/jquery/jquery-migrate.mind617.js]
[www.imperorp.com/wp-content/plugins/google-analytics-for-wordpress/assets/js/frontend-gtag.min79da.js]
[www.imperorp.com/wp-content/plugins/elementor/assets/lib/font-awesome/js/v4-shims.min991d.js]
[www.imperorp.com/wp-json/index.html]
[www.imperorp.com/wp-json/wp/v2/pages/12105.json]
[www.imperorp.com/xmlrpc0db0.php]
[www.imperorp.com/wp-includes/wlwmanifest.xml]
[www.imperorp.com/wp-json/oembed/1.0/embed20fd.json]
[www.imperorp.com/wp-json/oembed/1.0/embed6278]
[www.imperorp.com/wp-content/themes/rife-free/js/webfontloader.min.js]
[www.imperorp.com/wp-content/uploads/2021/11/cropped-Sensdsadas1-32x32.png]
[www.imperorp.com/wp-content/uploads/2021/11/cropped-Sensdsadas1-192x192.png]
[www.imperorp.com/wp-content/uploads/2021/11/cropped-Sensdsadas1-180x180.png]
[www.imperorp.com/wp-content/uploads/2021/11/LOGOTYPE.png]
[www.imperorp.com/wp-content/uploads/2021/11/logo-ruotant-anim-.gif]
[www.imperorp.com/wp-content/uploads/2021/12/Senza-titolo-2-1.png]
[www.imperorp.com/wp-content/uploads/2021/12/Senza-titolo-1-1.png]
[www.imperorp.com/staff/index.html]
[www.imperorp.com/wp-content/uploads/2021/12/Senza-titolo-5-1.png]
[www.imperorp.com/streamer/index.html]
[www.imperorp.com/auto/index.html]
[www.imperorp.com/wp-content/uploads/2021/12/Senza-titolo-3-1.png]
[www.imperorp.com/wp-content/uploads/2021/12/Senza-titolo-4-1-1024x570.png]
[www.imperorp.com/sfondi_impero.zip]
[www.imperorp.com/wp-content/uploads/2021/11/Senza-titolo-2.png]
[www.imperorp.com/wp-content/uploads/2021/11/The_Stronght_Logo.png]
[www.imperorp.com/wp-content/plugins/elementor/assets/css/widget-icon-box.min.css]
[www.imperorp.com/www.imperorp.com]
[www.imperorp.com/wp-content/plugins/elementor/assets/lib/animations/animations.min991d.css]
[www.imperorp.com/wp-content/68881e41aa5282b9b014ac2c6091ec412d8e.js]
[www.imperorp.com/wp-content/themes/rife-free/js/helpers.min164b.js]
[www.imperorp.com/wp-content/themes/rife-free/js/jquery.fitvids.min4963.js]
[www.imperorp.com/wp-content/themes/rife-free/js/jquery.fittext.min62ea.js]
[www.imperorp.com/wp-content/themes/rife-free/js/jquery.slides.min459e.js]
[www.imperorp.com/wp-content/themes/rife-free/js/jquery.sticky-kit.mincfa9.js]
[www.imperorp.com/wp-content/themes/rife-free/js/jquery.mousewheel.mina9d5.js]
[www.imperorp.com/wp-content/themes/rife-free/js/typed.min8daf.js]
[www.imperorp.com/wp-content/themes/rife-free/js/isotope.pkgd.min7c45.js]
[www.imperorp.com/wp-content/themes/rife-free/js/light-gallery/js/lightgallery-all.min8162.js]
[www.imperorp.com/wp-content/themes/rife-free/js/script.min164b.js]
[www.imperorp.com/wp-content/plugins/searchwp-live-ajax-search/assets/javascript/dist/script.min51a2.js]
[www.imperorp.com/wp-content/plugins/elementor/assets/lib/waypoints/waypoints.min05da.js]
[www.imperorp.com/wp-content/plugins/rife-elementor-extensions/assets/js/frontend6191.js]
[www.imperorp.com/wp-content/plugins/elementor/assets/lib/jquery-numerator/jquery-numerator.min3958.js]
[www.imperorp.com/wp-content/plugins/elementor/assets/js/webpack.runtime.min991d.js]
[www.imperorp.com/wp-content/plugins/elementor/assets/js/frontend-modules.min991d.js]
[www.imperorp.com/wp-includes/js/jquery/ui/core.min3f14.js]
[www.imperorp.com/wp-content/plugins/elementor/assets/js/frontend.min991d.js]
[www.imperorp.com/wp-includes/js/underscore.mind584.js]
[www.imperorp.com/wp-includes/js/wp-util.min6a4d.js]
[www.imperorp.com/index.html]
[www.imperorp.com/wp-content/plugins/real-cookie-banner/public/lib/animate.css/animate.min0235.css]
[www.imperorp.com/wp-includes/css/dist/block-library/style.min6a4d.css]
[www.imperorp.com/wp-includes/css/classic-themes.min68b3.css]
[www.imperorp.com/wp-content/plugins/wpforms-lite/assets/js/integrations/elementor/frontend.min7d4c.js]
[www.imperorp.com/wp-content/plugins/elementor/assets/lib/eicons/fonts/eiconsd6bb.eot]
[www.imperorp.com/wp-content/plugins/elementor/assets/lib/eicons/fonts/eiconsd6bb.woff2]
[www.imperorp.com/wp-content/plugins/elementor/assets/lib/eicons/fonts/eiconsd6bb.woff]
[www.imperorp.com/wp-content/plugins/elementor/assets/lib/eicons/fonts/eiconsd6bb.ttf]
[www.imperorp.com/wp-content/plugins/elementor/assets/lib/eicons/css/elementor-icons.min3b94.css]
[www.imperorp.com/wp-content/plugins/elementor/assets/css/frontend-lite.min991d.css]
[www.imperorp.com/wp-content/plugins/elementor/assets/lib/swiper/css/swiper.min48f5.css]
[www.imperorp.com/wp-content/uploads/elementor/css/post-12104ac5b.css]
[www.imperorp.com/wp-content/uploads/elementor/css/globald6c7.css]
[www.imperorp.com/wp-content/plugins/elementor/assets/lib/eicons/fonts/eiconsd6bb.svg]
[www.imperorp.com/wp-content/uploads/2021/11/Screenshot_806.png]
[www.imperorp.com/wp-content/uploads/2018/10/playstation-pattern2.png]
[www.imperorp.com/wp-content/uploads/2021/11/Senza-titolo-3.png]
[www.imperorp.com/wp-content/uploads/2021/11/Senza-titolo-3W.png]
[www.imperorp.com/wp-content/uploads/2021/11/pack1.png]
[www.imperorp.com/wp-content/uploads/2021/11/staff11.png]
[www.imperorp.com/wp-content/uploads/2021/11/pack6.png]
[www.imperorp.com/wp-content/uploads/elementor/css/post-121050118.css]
[www.imperorp.com/wp-content/themes/rife-free/js/light-gallery/fonts/lg8306.ttf]
[www.imperorp.com/wp-content/themes/rife-free/js/light-gallery/fonts/lg8306.woff]
[www.imperorp.com/wp-content/themes/rife-free/js/light-gallery/fonts/lg8306.svg]
[www.imperorp.com/wp-content/themes/rife-free/js/light-gallery/img/vimeo-play.png]
[www.imperorp.com/wp-content/themes/rife-free/js/light-gallery/img/video-play.png]
[www.imperorp.com/wp-content/themes/rife-free/js/light-gallery/img/youtube-play.png]
[www.imperorp.com/wp-content/themes/rife-free/js/light-gallery/img/loading.gif]
[www.imperorp.com/wp-content/themes/rife-free/js/light-gallery/css/lightgallery.min8162.css]
[www.imperorp.com/wp-content/plugins/elementor/assets/lib/font-awesome/fonts/fontawesome-webfont3e6e.eot]
[www.imperorp.com/wp-content/plugins/elementor/assets/lib/font-awesome/fonts/fontawesome-webfontd41d.eot]
[www.imperorp.com/wp-content/plugins/elementor/assets/lib/font-awesome/fonts/fontawesome-webfont3e6e.woff2]
[www.imperorp.com/wp-content/plugins/elementor/assets/lib/font-awesome/fonts/fontawesome-webfont3e6e.woff]
[www.imperorp.com/wp-content/plugins/elementor/assets/lib/font-awesome/fonts/fontawesome-webfont3e6e.ttf]
[www.imperorp.com/wp-content/plugins/elementor/assets/lib/font-awesome/css/font-awesome.min1849.css]
[www.imperorp.com/wp-content/plugins/elementor/assets/lib/font-awesome/fonts/fontawesome-webfont3e6e.svg]
[www.imperorp.com/wp-content/themes/rife-free/fonts/a13-icomoon8e69.ttf]
[www.imperorp.com/wp-content/themes/rife-free/fonts/a13-icomoon8e69.woff]
[www.imperorp.com/wp-content/themes/rife-free/css/icomoon164b.css]
[www.imperorp.com/wp-content/themes/rife-free/fonts/a13-icomoon8e69.svg]
[www.imperorp.com/wp-content/themes/rife-free/images/author.png]
[www.imperorp.com/wp-content/themes/rife-free/images/ie9saver.gif]
[www.imperorp.com/wp-content/themes/rife-free/images/ajax-loader.gif]
[www.imperorp.com/wp-content/themes/rife-free/images/overlays/pattern.png]
[www.imperorp.com/wp-content/themes/rife-free/images/overlays/pattern2.png]
[www.imperorp.com/wp-content/themes/rife-free/images/overlays/pattern3.png]
[www.imperorp.com/wp-content/themes/rife-free/images/overlays/pattern4.png]
[www.imperorp.com/wp-content/themes/rife-free/images/overlays/pattern5.png]
[www.imperorp.com/wp-content/themes/rife-free/images/apollo13.png]
[www.imperorp.com/wp-content/themes/rife-free/style164b.css]
[www.imperorp.com/wp-content/uploads/apollo13_framework_files/css/user8d4d.css]
[www.imperorp.com/wp-content/plugins/elementor/assets/lib/font-awesome/webfonts/fa-brands-400.eot]
[www.imperorp.com/wp-content/plugins/elementor/assets/lib/font-awesome/webfonts/fa-brands-400d41d.eot]
[www.imperorp.com/wp-content/plugins/elementor/assets/lib/font-awesome/webfonts/fa-brands-400.woff2]
[www.imperorp.com/wp-content/plugins/elementor/assets/lib/font-awesome/webfonts/fa-brands-400.woff]
[www.imperorp.com/wp-content/plugins/elementor/assets/lib/font-awesome/webfonts/fa-brands-400.ttf]
[www.imperorp.com/wp-content/plugins/elementor/assets/lib/font-awesome/webfonts/fa-brands-400.svg]
[www.imperorp.com/wp-content/plugins/elementor/assets/lib/font-awesome/webfonts/fa-regular-400.eot]
[www.imperorp.com/wp-content/plugins/elementor/assets/lib/font-awesome/webfonts/fa-regular-400d41d.eot]
[www.imperorp.com/wp-content/plugins/elementor/assets/lib/font-awesome/webfonts/fa-regular-400.woff2]
[www.imperorp.com/wp-content/plugins/elementor/assets/lib/font-awesome/webfonts/fa-regular-400.woff]
[www.imperorp.com/wp-content/plugins/elementor/assets/lib/font-awesome/webfonts/fa-regular-400.ttf]
[www.imperorp.com/wp-content/plugins/elementor/assets/lib/font-awesome/webfonts/fa-regular-400.svg]
[www.imperorp.com/wp-content/plugins/elementor/assets/lib/font-awesome/webfonts/fa-solid-900.eot]
[www.imperorp.com/wp-content/plugins/elementor/assets/lib/font-awesome/webfonts/fa-solid-900d41d.eot]
[www.imperorp.com/wp-content/plugins/elementor/assets/lib/font-awesome/webfonts/fa-solid-900.woff2]
[www.imperorp.com/wp-content/plugins/elementor/assets/lib/font-awesome/webfonts/fa-solid-900.woff]
[www.imperorp.com/wp-content/plugins/elementor/assets/lib/font-awesome/webfonts/fa-solid-900.ttf]
[www.imperorp.com/wp-content/plugins/elementor/assets/lib/font-awesome/css/all.min991d.css]
[www.imperorp.com/wp-content/plugins/elementor/assets/lib/font-awesome/css/v4-shims.min991d.css]
[www.imperorp.com/wp-content/plugins/elementor/assets/lib/font-awesome/css/fontawesome.min52d5.css]
[www.imperorp.com/wp-content/plugins/elementor/assets/lib/font-awesome/css/brands.min52d5.css]
[www.imperorp.com/wp-content/plugins/elementor/assets/lib/font-awesome/css/solid.min52d5.css]
[www.imperorp.com/wp-content/plugins/elementor/assets/lib/font-awesome/webfonts/fa-solid-900.svg]
[www.imperorp.com/wp-content/uploads/elementor/css/post-12308ee67.css]
[www.imperorp.com/wp-json/wp/v2/pages/12308.json]
[www.imperorp.com/wp-json/oembed/1.0/embed5430.json]
[www.imperorp.com/wp-json/oembed/1.0/embedcd28]
[www.imperorp.com/wp-content/uploads/2021/11/ninjo_logo_Nvf2.png]
[www.imperorp.com/wp-content/uploads/2021/11/TheStronghtProfilePic.png]
[www.imperorp.com/staff/www.imperorp.com]
[www.imperorp.com/staff/index.html]
[www.imperorp.com/wp-content/uploads/elementor/css/post-122960a51.css]
[www.imperorp.com/wp-json/wp/v2/pages/12296.json]
[www.imperorp.com/wp-json/oembed/1.0/embedaf47.json]
[www.imperorp.com/wp-json/oembed/1.0/embed16a3]
[www.imperorp.com/streamer/www.imperorp.com]
[www.imperorp.com/streamer/index.html]
[www.imperorp.com/wp-content/uploads/elementor/css/post-12239d19a.css]
[www.imperorp.com/wp-json/wp/v2/pages/12239.json]
[www.imperorp.com/wp-json/oembed/1.0/embedf5c7.json]
[www.imperorp.com/wp-json/oembed/1.0/embed4a89]
[www.imperorp.com/wp-content/uploads/2021/11/audi-rs7.jpg]
[www.imperorp.com/wp-content/uploads/2021/11/Lamborghini-Aventador.jpg]
[www.imperorp.com/wp-content/uploads/2021/11/Ferrari-SF90-.jpg]
[www.imperorp.com/wp-content/uploads/2021/11/range-rover-velar.jpg]
[www.imperorp.com/wp-content/uploads/2021/11/audi-rs3.jpg]
[www.imperorp.com/wp-content/uploads/2021/11/Bmw-M8.jpg]
[www.imperorp.com/wp-content/uploads/2021/11/Infinity-Q60.jpg]
[www.imperorp.com/wp-content/uploads/2021/11/Ferrari-F8-Spider.jpg]
[www.imperorp.com/wp-content/uploads/2021/11/Lamborghini-Huracan.jpg]
[www.imperorp.com/wp-content/uploads/2021/11/Nissan-GTR-50.jpg]
[www.imperorp.com/wp-content/uploads/2021/11/Alfa-Romeo-Stelvio.jpg]
[www.imperorp.com/wp-content/uploads/2021/11/Alfa-Romeo-Giulia.jpg]
[www.imperorp.com/wp-content/uploads/2021/11/Bmw-M4.jpg]
[www.imperorp.com/wp-content/uploads/2021/11/ferrari-portofino.jpg]
[www.imperorp.com/wp-content/uploads/2021/11/Bmw-M2.jpg]
[www.imperorp.com/wp-content/uploads/2021/11/Bugatti-Divo.jpg]
[www.imperorp.com/wp-content/uploads/2021/11/Porshe-Taycan-.jpg]
[www.imperorp.com/wp-content/uploads/2021/11/Radical-RXC-Monza-Garage.jpg]
[www.imperorp.com/wp-content/uploads/2021/11/Porshe-911.jpg]
[www.imperorp.com/wp-content/uploads/2021/11/Golf-Mk7.jpg]
[www.imperorp.com/wp-content/uploads/2021/11/Ford-Focus-RS.jpg]
[www.imperorp.com/wp-content/uploads/2021/11/Alfa-Romeo-Giulietta.jpg]
[www.imperorp.com/wp-content/uploads/2021/11/Ford-Mustang.jpg]
[www.imperorp.com/wp-content/uploads/2021/11/Ford-Raptor.jpg]
[www.imperorp.com/wp-content/uploads/2021/11/Abart-695.jpg]
[www.imperorp.com/wp-content/uploads/2021/11/Doge-Challenger.jpg]
[www.imperorp.com/wp-content/uploads/2021/11/Mercedes-AMG-GT-Cabrio.jpg]
[www.imperorp.com/wp-content/uploads/2021/11/Mercedes-G63.jpg]
[www.imperorp.com/wp-content/uploads/2021/11/Yamaha-Tmax.jpg]
[www.imperorp.com/wp-content/uploads/2021/11/Toyota-Supra.jpg]
[www.imperorp.com/auto/www.imperorp.com]
[www.imperorp.com/auto/index.html]
[www.imperorp.com/wp-content/plugins/elementor/assets/css/widget-icon-box.min.css]
[www.imperorp.com/www.imperorp.html]
[www.imperorp.com/wp-content/plugins/elementor/assets/lib/animations/animations.min991d.css]
[www.imperorp.com/wp-content/plugins/elementor/assets/lib/eicons/fonts/eiconsd6bb.svg]
[www.imperorp.com/wp-content/themes/rife-free/js/light-gallery/fonts/lg8306.svg]
[www.imperorp.com/wp-content/plugins/elementor/assets/lib/font-awesome/fonts/fontawesome-webfont3e6e.svg]
[www.imperorp.com/wp-content/themes/rife-free/fonts/a13-icomoon8e69.svg]
[www.imperorp.com/wp-content/plugins/elementor/assets/lib/font-awesome/webfonts/fa-brands-400.svg]
[www.imperorp.com/wp-content/plugins/elementor/assets/lib/font-awesome/webfonts/fa-regular-400.svg]
[www.imperorp.com/wp-content/plugins/elementor/assets/lib/font-awesome/webfonts/fa-solid-900.svg]
[www.imperorp.com/wp-content/uploads/2021/11/staff1.png]
[www.imperorp.com/wp-content/uploads/2021/11/staff4.png]
[www.imperorp.com/wp-content/uploads/2021/11/staff5.png]
[www.imperorp.com/wp-content/uploads/2021/11/staff2.png]
[www.imperorp.com/wp-content/uploads/2021/11/staff6.png]
[www.imperorp.com/wp-content/uploads/2021/11/staff7.png]
[www.imperorp.com/wp-content/uploads/elementor/css/post-12308ee67.css]
[www.imperorp.com/index1d9a.html]
[www.imperorp.com/staff/www.imperorp.html]
[www.imperorp.com/wp-content/uploads/elementor/css/post-122960a51.css]
[www.imperorp.com/index1e9e.html]
[www.imperorp.com/streamer/www.imperorp.html]
[www.imperorp.com/wp-content/uploads/elementor/css/post-12239d19a.css]
[www.imperorp.com/indexdc26.html]
[www.imperorp.com/auto/www.imperorp.html]
